// Jest Snapshot v1, https://goo.gl/fbAQLP

exports[`renders MoviesItem without issue 1`] = `
<div
  className="container"
>
  <img
    alt="About a Boy"
    className="thumbnail"
    src="https://m.media-amazon.com/images/M/MV5BMTQ2Mzg4MDAzNV5BMl5BanBnXkFtZTgwMjcxNTYxMTE@._V1_SX300.jpg"
  />
</div>
`;
