// Jest Snapshot v1, https://goo.gl/fbAQLP

exports[`renders TelevisionRatingsForm 1`] = `
<Formik>
  <Form>
    <form
      action="#"
      onReset={[Function]}
      onSubmit={[Function]}
    >
      <TelevisionRatingsForm>
        <Formik
          initialValues={
            Object {
              "blind": 50,
              "characters": 50,
              "craftsmanship": 50,
              "gist": "",
              "password": "",
              "sound": 50,
              "story": 50,
              "title": "",
            }
          }
          onSubmit={[Function]}
          validate={[Function]}
        >
          <Form
            className="form"
          >
            <form
              action="#"
              className="form"
              onReset={[Function]}
              onSubmit={[Function]}
            >
              <RatingsFormItem
                currentValue=""
                fieldName="title"
                fieldTitle="Title"
                fieldType="text"
              >
                <div
                  className="formItem highlighted"
                  key="title"
                >
                  Title
                  <br />
                  <Field
                    autoComplete="off"
                    name="title"
                    type="text"
                  >
                    <input
                      autoComplete="off"
                      name="title"
                      onBlur={[Function]}
                      onChange={[Function]}
                      type="text"
                      value=""
                    />
                  </Field>
                  <FormikConnect(ErrorMessageImpl)
                    component={[Function]}
                    name="title"
                  >
                    <ErrorMessageImpl
                      component={[Function]}
                      formik={
                        Object {
                          "dirty": false,
                          "errors": Object {},
                          "getFieldHelpers": [Function],
                          "getFieldMeta": [Function],
                          "getFieldProps": [Function],
                          "handleBlur": [Function],
                          "handleChange": [Function],
                          "handleReset": [Function],
                          "handleSubmit": [Function],
                          "initialErrors": Object {},
                          "initialStatus": undefined,
                          "initialTouched": Object {},
                          "initialValues": Object {
                            "blind": 50,
                            "characters": 50,
                            "craftsmanship": 50,
                            "gist": "",
                            "password": "",
                            "sound": 50,
                            "story": 50,
                            "title": "",
                          },
                          "isSubmitting": false,
                          "isValid": true,
                          "isValidating": false,
                          "registerField": [Function],
                          "resetForm": [Function],
                          "setErrors": [Function],
                          "setFieldError": [Function],
                          "setFieldTouched": [Function],
                          "setFieldValue": [Function],
                          "setFormikState": [Function],
                          "setStatus": [Function],
                          "setSubmitting": [Function],
                          "setTouched": [Function],
                          "setValues": [Function],
                          "status": undefined,
                          "submitCount": 0,
                          "submitForm": [Function],
                          "touched": Object {},
                          "unregisterField": [Function],
                          "validateField": [Function],
                          "validateForm": [Function],
                          "validateOnBlur": true,
                          "validateOnChange": true,
                          "validateOnMount": false,
                          "values": Object {
                            "blind": 50,
                            "characters": 50,
                            "craftsmanship": 50,
                            "gist": "",
                            "password": "",
                            "sound": 50,
                            "story": 50,
                            "title": "",
                          },
                        }
                      }
                      name="title"
                    />
                  </FormikConnect(ErrorMessageImpl)>
                </div>
              </RatingsFormItem>
              <RatingsFormItem
                currentValue=""
                fieldName="gist"
                fieldTitle="The Gist"
                fieldType="text"
              >
                <div
                  className="formItem highlighted"
                  key="gist"
                >
                  The Gist
                  <br />
                  <Field
                    autoComplete="off"
                    name="gist"
                    type="text"
                  >
                    <input
                      autoComplete="off"
                      name="gist"
                      onBlur={[Function]}
                      onChange={[Function]}
                      type="text"
                      value=""
                    />
                  </Field>
                  <FormikConnect(ErrorMessageImpl)
                    component={[Function]}
                    name="gist"
                  >
                    <ErrorMessageImpl
                      component={[Function]}
                      formik={
                        Object {
                          "dirty": false,
                          "errors": Object {},
                          "getFieldHelpers": [Function],
                          "getFieldMeta": [Function],
                          "getFieldProps": [Function],
                          "handleBlur": [Function],
                          "handleChange": [Function],
                          "handleReset": [Function],
                          "handleSubmit": [Function],
                          "initialErrors": Object {},
                          "initialStatus": undefined,
                          "initialTouched": Object {},
                          "initialValues": Object {
                            "blind": 50,
                            "characters": 50,
                            "craftsmanship": 50,
                            "gist": "",
                            "password": "",
                            "sound": 50,
                            "story": 50,
                            "title": "",
                          },
                          "isSubmitting": false,
                          "isValid": true,
                          "isValidating": false,
                          "registerField": [Function],
                          "resetForm": [Function],
                          "setErrors": [Function],
                          "setFieldError": [Function],
                          "setFieldTouched": [Function],
                          "setFieldValue": [Function],
                          "setFormikState": [Function],
                          "setStatus": [Function],
                          "setSubmitting": [Function],
                          "setTouched": [Function],
                          "setValues": [Function],
                          "status": undefined,
                          "submitCount": 0,
                          "submitForm": [Function],
                          "touched": Object {},
                          "unregisterField": [Function],
                          "validateField": [Function],
                          "validateForm": [Function],
                          "validateOnBlur": true,
                          "validateOnChange": true,
                          "validateOnMount": false,
                          "values": Object {
                            "blind": 50,
                            "characters": 50,
                            "craftsmanship": 50,
                            "gist": "",
                            "password": "",
                            "sound": 50,
                            "story": 50,
                            "title": "",
                          },
                        }
                      }
                      name="gist"
                    />
                  </FormikConnect(ErrorMessageImpl)>
                </div>
              </RatingsFormItem>
              <RatingsFormItem
                currentValue={50}
                fieldName="craftsmanship"
                fieldTitle="Craftsmanship"
                fieldType="range"
              >
                <div
                  className="formItem highlighted"
                  key="craftsmanship"
                >
                  Craftsmanship - 50
                  <br />
                  <Field
                    max="100"
                    min="0"
                    name="craftsmanship"
                    type="range"
                  >
                    <input
                      max="100"
                      min="0"
                      name="craftsmanship"
                      onBlur={[Function]}
                      onChange={[Function]}
                      type="range"
                      value={50}
                    />
                  </Field>
                  <FormikConnect(ErrorMessageImpl)
                    component={[Function]}
                    name="craftsmanship"
                  >
                    <ErrorMessageImpl
                      component={[Function]}
                      formik={
                        Object {
                          "dirty": false,
                          "errors": Object {},
                          "getFieldHelpers": [Function],
                          "getFieldMeta": [Function],
                          "getFieldProps": [Function],
                          "handleBlur": [Function],
                          "handleChange": [Function],
                          "handleReset": [Function],
                          "handleSubmit": [Function],
                          "initialErrors": Object {},
                          "initialStatus": undefined,
                          "initialTouched": Object {},
                          "initialValues": Object {
                            "blind": 50,
                            "characters": 50,
                            "craftsmanship": 50,
                            "gist": "",
                            "password": "",
                            "sound": 50,
                            "story": 50,
                            "title": "",
                          },
                          "isSubmitting": false,
                          "isValid": true,
                          "isValidating": false,
                          "registerField": [Function],
                          "resetForm": [Function],
                          "setErrors": [Function],
                          "setFieldError": [Function],
                          "setFieldTouched": [Function],
                          "setFieldValue": [Function],
                          "setFormikState": [Function],
                          "setStatus": [Function],
                          "setSubmitting": [Function],
                          "setTouched": [Function],
                          "setValues": [Function],
                          "status": undefined,
                          "submitCount": 0,
                          "submitForm": [Function],
                          "touched": Object {},
                          "unregisterField": [Function],
                          "validateField": [Function],
                          "validateForm": [Function],
                          "validateOnBlur": true,
                          "validateOnChange": true,
                          "validateOnMount": false,
                          "values": Object {
                            "blind": 50,
                            "characters": 50,
                            "craftsmanship": 50,
                            "gist": "",
                            "password": "",
                            "sound": 50,
                            "story": 50,
                            "title": "",
                          },
                        }
                      }
                      name="craftsmanship"
                    />
                  </FormikConnect(ErrorMessageImpl)>
                </div>
              </RatingsFormItem>
              <RatingsFormItem
                currentValue={50}
                fieldName="characters"
                fieldTitle="Characters"
                fieldType="range"
              >
                <div
                  className="formItem highlighted"
                  key="characters"
                >
                  Characters - 50
                  <br />
                  <Field
                    max="100"
                    min="0"
                    name="characters"
                    type="range"
                  >
                    <input
                      max="100"
                      min="0"
                      name="characters"
                      onBlur={[Function]}
                      onChange={[Function]}
                      type="range"
                      value={50}
                    />
                  </Field>
                  <FormikConnect(ErrorMessageImpl)
                    component={[Function]}
                    name="characters"
                  >
                    <ErrorMessageImpl
                      component={[Function]}
                      formik={
                        Object {
                          "dirty": false,
                          "errors": Object {},
                          "getFieldHelpers": [Function],
                          "getFieldMeta": [Function],
                          "getFieldProps": [Function],
                          "handleBlur": [Function],
                          "handleChange": [Function],
                          "handleReset": [Function],
                          "handleSubmit": [Function],
                          "initialErrors": Object {},
                          "initialStatus": undefined,
                          "initialTouched": Object {},
                          "initialValues": Object {
                            "blind": 50,
                            "characters": 50,
                            "craftsmanship": 50,
                            "gist": "",
                            "password": "",
                            "sound": 50,
                            "story": 50,
                            "title": "",
                          },
                          "isSubmitting": false,
                          "isValid": true,
                          "isValidating": false,
                          "registerField": [Function],
                          "resetForm": [Function],
                          "setErrors": [Function],
                          "setFieldError": [Function],
                          "setFieldTouched": [Function],
                          "setFieldValue": [Function],
                          "setFormikState": [Function],
                          "setStatus": [Function],
                          "setSubmitting": [Function],
                          "setTouched": [Function],
                          "setValues": [Function],
                          "status": undefined,
                          "submitCount": 0,
                          "submitForm": [Function],
                          "touched": Object {},
                          "unregisterField": [Function],
                          "validateField": [Function],
                          "validateForm": [Function],
                          "validateOnBlur": true,
                          "validateOnChange": true,
                          "validateOnMount": false,
                          "values": Object {
                            "blind": 50,
                            "characters": 50,
                            "craftsmanship": 50,
                            "gist": "",
                            "password": "",
                            "sound": 50,
                            "story": 50,
                            "title": "",
                          },
                        }
                      }
                      name="characters"
                    />
                  </FormikConnect(ErrorMessageImpl)>
                </div>
              </RatingsFormItem>
              <RatingsFormItem
                currentValue={50}
                fieldName="story"
                fieldTitle="Story"
                fieldType="range"
              >
                <div
                  className="formItem highlighted"
                  key="story"
                >
                  Story - 50
                  <br />
                  <Field
                    max="100"
                    min="0"
                    name="story"
                    type="range"
                  >
                    <input
                      max="100"
                      min="0"
                      name="story"
                      onBlur={[Function]}
                      onChange={[Function]}
                      type="range"
                      value={50}
                    />
                  </Field>
                  <FormikConnect(ErrorMessageImpl)
                    component={[Function]}
                    name="story"
                  >
                    <ErrorMessageImpl
                      component={[Function]}
                      formik={
                        Object {
                          "dirty": false,
                          "errors": Object {},
                          "getFieldHelpers": [Function],
                          "getFieldMeta": [Function],
                          "getFieldProps": [Function],
                          "handleBlur": [Function],
                          "handleChange": [Function],
                          "handleReset": [Function],
                          "handleSubmit": [Function],
                          "initialErrors": Object {},
                          "initialStatus": undefined,
                          "initialTouched": Object {},
                          "initialValues": Object {
                            "blind": 50,
                            "characters": 50,
                            "craftsmanship": 50,
                            "gist": "",
                            "password": "",
                            "sound": 50,
                            "story": 50,
                            "title": "",
                          },
                          "isSubmitting": false,
                          "isValid": true,
                          "isValidating": false,
                          "registerField": [Function],
                          "resetForm": [Function],
                          "setErrors": [Function],
                          "setFieldError": [Function],
                          "setFieldTouched": [Function],
                          "setFieldValue": [Function],
                          "setFormikState": [Function],
                          "setStatus": [Function],
                          "setSubmitting": [Function],
                          "setTouched": [Function],
                          "setValues": [Function],
                          "status": undefined,
                          "submitCount": 0,
                          "submitForm": [Function],
                          "touched": Object {},
                          "unregisterField": [Function],
                          "validateField": [Function],
                          "validateForm": [Function],
                          "validateOnBlur": true,
                          "validateOnChange": true,
                          "validateOnMount": false,
                          "values": Object {
                            "blind": 50,
                            "characters": 50,
                            "craftsmanship": 50,
                            "gist": "",
                            "password": "",
                            "sound": 50,
                            "story": 50,
                            "title": "",
                          },
                        }
                      }
                      name="story"
                    />
                  </FormikConnect(ErrorMessageImpl)>
                </div>
              </RatingsFormItem>
              <RatingsFormItem
                currentValue={50}
                fieldName="sound"
                fieldTitle="Sound"
                fieldType="range"
              >
                <div
                  className="formItem highlighted"
                  key="sound"
                >
                  Sound - 50
                  <br />
                  <Field
                    max="100"
                    min="0"
                    name="sound"
                    type="range"
                  >
                    <input
                      max="100"
                      min="0"
                      name="sound"
                      onBlur={[Function]}
                      onChange={[Function]}
                      type="range"
                      value={50}
                    />
                  </Field>
                  <FormikConnect(ErrorMessageImpl)
                    component={[Function]}
                    name="sound"
                  >
                    <ErrorMessageImpl
                      component={[Function]}
                      formik={
                        Object {
                          "dirty": false,
                          "errors": Object {},
                          "getFieldHelpers": [Function],
                          "getFieldMeta": [Function],
                          "getFieldProps": [Function],
                          "handleBlur": [Function],
                          "handleChange": [Function],
                          "handleReset": [Function],
                          "handleSubmit": [Function],
                          "initialErrors": Object {},
                          "initialStatus": undefined,
                          "initialTouched": Object {},
                          "initialValues": Object {
                            "blind": 50,
                            "characters": 50,
                            "craftsmanship": 50,
                            "gist": "",
                            "password": "",
                            "sound": 50,
                            "story": 50,
                            "title": "",
                          },
                          "isSubmitting": false,
                          "isValid": true,
                          "isValidating": false,
                          "registerField": [Function],
                          "resetForm": [Function],
                          "setErrors": [Function],
                          "setFieldError": [Function],
                          "setFieldTouched": [Function],
                          "setFieldValue": [Function],
                          "setFormikState": [Function],
                          "setStatus": [Function],
                          "setSubmitting": [Function],
                          "setTouched": [Function],
                          "setValues": [Function],
                          "status": undefined,
                          "submitCount": 0,
                          "submitForm": [Function],
                          "touched": Object {},
                          "unregisterField": [Function],
                          "validateField": [Function],
                          "validateForm": [Function],
                          "validateOnBlur": true,
                          "validateOnChange": true,
                          "validateOnMount": false,
                          "values": Object {
                            "blind": 50,
                            "characters": 50,
                            "craftsmanship": 50,
                            "gist": "",
                            "password": "",
                            "sound": 50,
                            "story": 50,
                            "title": "",
                          },
                        }
                      }
                      name="sound"
                    />
                  </FormikConnect(ErrorMessageImpl)>
                </div>
              </RatingsFormItem>
              <RatingsFormItem
                currentValue={50}
                fieldName="blind"
                fieldTitle="Blind Score"
                fieldType="range"
              >
                <div
                  className="formItem highlighted"
                  key="blind"
                >
                  Blind Score - 50
                  <br />
                  <Field
                    max="100"
                    min="0"
                    name="blind"
                    type="range"
                  >
                    <input
                      max="100"
                      min="0"
                      name="blind"
                      onBlur={[Function]}
                      onChange={[Function]}
                      type="range"
                      value={50}
                    />
                  </Field>
                  <FormikConnect(ErrorMessageImpl)
                    component={[Function]}
                    name="blind"
                  >
                    <ErrorMessageImpl
                      component={[Function]}
                      formik={
                        Object {
                          "dirty": false,
                          "errors": Object {},
                          "getFieldHelpers": [Function],
                          "getFieldMeta": [Function],
                          "getFieldProps": [Function],
                          "handleBlur": [Function],
                          "handleChange": [Function],
                          "handleReset": [Function],
                          "handleSubmit": [Function],
                          "initialErrors": Object {},
                          "initialStatus": undefined,
                          "initialTouched": Object {},
                          "initialValues": Object {
                            "blind": 50,
                            "characters": 50,
                            "craftsmanship": 50,
                            "gist": "",
                            "password": "",
                            "sound": 50,
                            "story": 50,
                            "title": "",
                          },
                          "isSubmitting": false,
                          "isValid": true,
                          "isValidating": false,
                          "registerField": [Function],
                          "resetForm": [Function],
                          "setErrors": [Function],
                          "setFieldError": [Function],
                          "setFieldTouched": [Function],
                          "setFieldValue": [Function],
                          "setFormikState": [Function],
                          "setStatus": [Function],
                          "setSubmitting": [Function],
                          "setTouched": [Function],
                          "setValues": [Function],
                          "status": undefined,
                          "submitCount": 0,
                          "submitForm": [Function],
                          "touched": Object {},
                          "unregisterField": [Function],
                          "validateField": [Function],
                          "validateForm": [Function],
                          "validateOnBlur": true,
                          "validateOnChange": true,
                          "validateOnMount": false,
                          "values": Object {
                            "blind": 50,
                            "characters": 50,
                            "craftsmanship": 50,
                            "gist": "",
                            "password": "",
                            "sound": 50,
                            "story": 50,
                            "title": "",
                          },
                        }
                      }
                      name="blind"
                    />
                  </FormikConnect(ErrorMessageImpl)>
                </div>
              </RatingsFormItem>
              <RatingsFormItem
                currentValue=""
                fieldName="password"
                fieldTitle="Password"
                fieldType="password"
              >
                <div
                  className="formItem highlighted"
                  key="password"
                >
                  Password
                  <br />
                  <Field
                    autoComplete="current-password"
                    name="password"
                    type="password"
                  >
                    <input
                      autoComplete="current-password"
                      name="password"
                      onBlur={[Function]}
                      onChange={[Function]}
                      type="password"
                      value=""
                    />
                  </Field>
                  <FormikConnect(ErrorMessageImpl)
                    component={[Function]}
                    name="password"
                  >
                    <ErrorMessageImpl
                      component={[Function]}
                      formik={
                        Object {
                          "dirty": false,
                          "errors": Object {},
                          "getFieldHelpers": [Function],
                          "getFieldMeta": [Function],
                          "getFieldProps": [Function],
                          "handleBlur": [Function],
                          "handleChange": [Function],
                          "handleReset": [Function],
                          "handleSubmit": [Function],
                          "initialErrors": Object {},
                          "initialStatus": undefined,
                          "initialTouched": Object {},
                          "initialValues": Object {
                            "blind": 50,
                            "characters": 50,
                            "craftsmanship": 50,
                            "gist": "",
                            "password": "",
                            "sound": 50,
                            "story": 50,
                            "title": "",
                          },
                          "isSubmitting": false,
                          "isValid": true,
                          "isValidating": false,
                          "registerField": [Function],
                          "resetForm": [Function],
                          "setErrors": [Function],
                          "setFieldError": [Function],
                          "setFieldTouched": [Function],
                          "setFieldValue": [Function],
                          "setFormikState": [Function],
                          "setStatus": [Function],
                          "setSubmitting": [Function],
                          "setTouched": [Function],
                          "setValues": [Function],
                          "status": undefined,
                          "submitCount": 0,
                          "submitForm": [Function],
                          "touched": Object {},
                          "unregisterField": [Function],
                          "validateField": [Function],
                          "validateForm": [Function],
                          "validateOnBlur": true,
                          "validateOnChange": true,
                          "validateOnMount": false,
                          "values": Object {
                            "blind": 50,
                            "characters": 50,
                            "craftsmanship": 50,
                            "gist": "",
                            "password": "",
                            "sound": 50,
                            "story": 50,
                            "title": "",
                          },
                        }
                      }
                      name="password"
                    />
                  </FormikConnect(ErrorMessageImpl)>
                </div>
              </RatingsFormItem>
              <div
                className="formItem"
              >
                <button
                  disabled={false}
                  type="submit"
                >
                  Submit
                </button>
              </div>
            </form>
          </Form>
        </Formik>
      </TelevisionRatingsForm>
    </form>
  </Form>
</Formik>
`;
