// Jest Snapshot v1, https://goo.gl/fbAQLP

exports[`renders MoviesPage correctly 1`] = `
<div
  className="container"
>
  <h2>
    Literally just a bunch of movies I own, idk
  </h2>
  <br />
  <DataCollection
    endpoint="http://www.ryankrol.co.uk/api/movies"
    itemTag={[Function]}
  />
</div>
`;
