// Jest Snapshot v1, https://goo.gl/fbAQLP

exports[`renders RatingsSubPage correctly 1`] = `
<div
  className="container"
>
  <h2>
    Movies I've Watched
  </h2>
  <p>
    Like most humans, I enjoy watching movies! Unlike most humans however, I've taken the time to setup a system to track what I think of the movies I watch. If you'd like to see how I've rated anything I've watched since December 2020, then look no further!
  </p>
  <br />
  <DataCollection
    endpoint="http://www.ryankrol.co.uk/api/ratings/movie"
    itemTag={[Function]}
    outputSize={6}
    sorter={[Function]}
  />
  <Link
    className="seeMore"
    to="/MovieRatings"
  >
    <h2>
      ...
    </h2>
  </Link>
  <h2>
    Albums I've Listened To
  </h2>
  <p>
    Like the movie ratings, but this time, with music!
  </p>
  <br />
  <DataCollection
    endpoint="http://www.ryankrol.co.uk/api/ratings/album"
    itemTag={[Function]}
    outputSize={6}
    sorter={[Function]}
  />
  <Link
    className="seeMore"
    to="/AlbumRatings"
  >
    <h2>
      ...
    </h2>
  </Link>
</div>
`;
