// Jest Snapshot v1, https://goo.gl/fbAQLP

exports[`renders MusicRatingsItem without issue 1`] = `
<div>
  <span
    className="highlighted"
  >
    Highlights:
  </span>
  <span>
    Selah, Follow God
  </span>
  <br />
  <span
    className="highlighted"
  >
    Artist:
  </span>
  <span>
    Kanye West
  </span>
  <br />
  <span
    className="highlighted"
  >
    Mood:
  </span>
  <span>
    Vibin
  </span>
  <br />
  <span
    className="highlighted"
  >
    Date:
  </span>
  <span>
    16-05-2021
  </span>
  <br />
  <span
    className="highlighted"
  >
    Rating:
  </span>
  <span>
    71
  </span>
  <br />
  <span
    className="highlighted"
  >
    Title:
  </span>
  <span>
    JESUS IS KING
  </span>
  <br />
</div>
`;
