// Jest Snapshot v1, https://goo.gl/fbAQLP

exports[`renders header correctly 1`] = `
<div
  className="outer"
>
  <div
    className="container"
  >
    <div
      className="logo highlighted"
    >
      RK
    </div>
    <div
      className="links"
    >
      <HeaderItem
        content="portfolio"
        destination="/portfolio"
        index={1}
        key="/portfolio"
      />
      <HeaderItem
        content="music"
        destination="/music"
        index={2}
        key="/music"
      />
    </div>
  </div>
</div>
`;
