// Jest Snapshot v1, https://goo.gl/fbAQLP

exports[`renders header correctly 1`] = `
<div
  className="outer"
>
  <div
    className="container"
  >
    <Link
      className="logo highlighted"
      to="/"
    >
      RK
    </Link>
    <div
      className="links"
    >
      <HeaderItem
        content="portfolio"
        destination="/portfolio"
        index={1}
        key="/portfolio"
      />
      <HeaderItem
        content="music"
        destination="/music"
        index={2}
        key="/music"
      />
      <HeaderItem
        content="reading list"
        destination="/ReadingList"
        index={3}
        key="/ReadingList"
      />
      <HeaderItem
        content="movies"
        destination="/MoviesList"
        index={4}
        key="/MoviesList"
      />
      <HeaderItem
        content="album ratings"
        destination="/AlbumRatings"
        index={5}
        key="/AlbumRatings"
      />
      <HeaderItem
        content="movie ratings"
        destination="/MovieRatings"
        index={6}
        key="/MovieRatings"
      />
    </div>
  </div>
</div>
`;
