// Jest Snapshot v1, https://goo.gl/fbAQLP

exports[`renders router only when rendered 1`] = `
<BrowserRouter>
  <div>
    <Switch>
      <Route
        exact={true}
        path="/"
      >
        <Home />
      </Route>
      <Route
        path="/about"
      >
        <About />
      </Route>
    </Switch>
  </div>
</BrowserRouter>
`;
