// Jest Snapshot v1, https://goo.gl/fbAQLP

exports[`renders VinylCollectionPage correctly 1`] = `
<div
  className="container"
>
  <h1
    className="light"
  >
    My Vinyl Collection
  </h1>
   
  <br />
  <p>
    Literally just a bunch of vinyl I own, idk
  </p>
  <DataCollection
    endpoint="http://www.ryankrol.co.uk/api/vinyl"
    itemTag={[Function]}
  />
</div>
`;
