// Jest Snapshot v1, https://goo.gl/fbAQLP

exports[`renders AlbumRatingsItem without issue 1`] = `
<div
  className="outerContainer"
>
  <div
    className="container"
  >
    <div
      className="titleContainer"
    >
      <div
        className="innerTitleContainer"
      >
        <p
          className="titleContent"
        >
          Gorillaz
           - 
          Demon Days
        </p>
        <div
          className="titleUnderline"
        />
      </div>
    </div>
    <div
      className="content"
    >
      <div
        className="thumbnailContainer"
      >
        <img
          alt="Demon Days"
          className="thumbnail"
          src="https://lastfm.freetls.fastly.net/i/u/300x300/271483e955d2b255160f3361a7f5fb78.png"
        />
      </div>
      <div>
        <span>
          Score: 
        </span>
        <span>
          84
        </span>
        <br />
        <span>
          Mood: 
        </span>
        <span>
          Upbeat
        </span>
        <br />
        <br />
        <span>
          Highlights: 
        </span>
        <span>
          Dirty Harry, Feel Good Inc., White Light, Dare, Fire Coming Out of the Monkey's Head
        </span>
        <br />
      </div>
    </div>
    <p
      className="date"
    >
      15-03-21
    </p>
  </div>
</div>
`;
