// Jest Snapshot v1, https://goo.gl/fbAQLP

exports[`renders VinylCollectionForm 1`] = `
<Formik>
  <Form>
    <form
      action="#"
      onReset={[Function]}
      onSubmit={[Function]}
    >
      <VinylCollectionForm>
        <Formik
          initialValues={
            Object {
              "artist": "",
              "mood": "",
              "password": "",
              "title": "",
            }
          }
          onSubmit={[Function]}
          validate={[Function]}
        >
          <Form
            className="form"
          >
            <form
              action="#"
              className="form"
              onReset={[Function]}
              onSubmit={[Function]}
            >
              <RatingsFormItem
                currentValue=""
                fieldName="title"
                fieldTitle="Record Title"
                fieldType="text"
              >
                <div
                  className="formItem highlighted"
                  key="title"
                >
                  Record Title
                  <br />
                  <Field
                    autoComplete="off"
                    name="title"
                    type="text"
                  >
                    <input
                      autoComplete="off"
                      name="title"
                      onBlur={[Function]}
                      onChange={[Function]}
                      type="text"
                      value=""
                    />
                  </Field>
                  <FormikConnect(ErrorMessageImpl)
                    component={[Function]}
                    name="title"
                  >
                    <ErrorMessageImpl
                      component={[Function]}
                      formik={
                        Object {
                          "dirty": false,
                          "errors": Object {},
                          "getFieldHelpers": [Function],
                          "getFieldMeta": [Function],
                          "getFieldProps": [Function],
                          "handleBlur": [Function],
                          "handleChange": [Function],
                          "handleReset": [Function],
                          "handleSubmit": [Function],
                          "initialErrors": Object {},
                          "initialStatus": undefined,
                          "initialTouched": Object {},
                          "initialValues": Object {
                            "artist": "",
                            "mood": "",
                            "password": "",
                            "title": "",
                          },
                          "isSubmitting": false,
                          "isValid": true,
                          "isValidating": false,
                          "registerField": [Function],
                          "resetForm": [Function],
                          "setErrors": [Function],
                          "setFieldError": [Function],
                          "setFieldTouched": [Function],
                          "setFieldValue": [Function],
                          "setFormikState": [Function],
                          "setStatus": [Function],
                          "setSubmitting": [Function],
                          "setTouched": [Function],
                          "setValues": [Function],
                          "status": undefined,
                          "submitCount": 0,
                          "submitForm": [Function],
                          "touched": Object {},
                          "unregisterField": [Function],
                          "validateField": [Function],
                          "validateForm": [Function],
                          "validateOnBlur": true,
                          "validateOnChange": true,
                          "validateOnMount": false,
                          "values": Object {
                            "artist": "",
                            "mood": "",
                            "password": "",
                            "title": "",
                          },
                        }
                      }
                      name="title"
                    />
                  </FormikConnect(ErrorMessageImpl)>
                </div>
              </RatingsFormItem>
              <RatingsFormItem
                currentValue=""
                fieldName="artist"
                fieldTitle="Artist"
                fieldType="text"
              >
                <div
                  className="formItem highlighted"
                  key="artist"
                >
                  Artist
                  <br />
                  <Field
                    autoComplete="off"
                    name="artist"
                    type="text"
                  >
                    <input
                      autoComplete="off"
                      name="artist"
                      onBlur={[Function]}
                      onChange={[Function]}
                      type="text"
                      value=""
                    />
                  </Field>
                  <FormikConnect(ErrorMessageImpl)
                    component={[Function]}
                    name="artist"
                  >
                    <ErrorMessageImpl
                      component={[Function]}
                      formik={
                        Object {
                          "dirty": false,
                          "errors": Object {},
                          "getFieldHelpers": [Function],
                          "getFieldMeta": [Function],
                          "getFieldProps": [Function],
                          "handleBlur": [Function],
                          "handleChange": [Function],
                          "handleReset": [Function],
                          "handleSubmit": [Function],
                          "initialErrors": Object {},
                          "initialStatus": undefined,
                          "initialTouched": Object {},
                          "initialValues": Object {
                            "artist": "",
                            "mood": "",
                            "password": "",
                            "title": "",
                          },
                          "isSubmitting": false,
                          "isValid": true,
                          "isValidating": false,
                          "registerField": [Function],
                          "resetForm": [Function],
                          "setErrors": [Function],
                          "setFieldError": [Function],
                          "setFieldTouched": [Function],
                          "setFieldValue": [Function],
                          "setFormikState": [Function],
                          "setStatus": [Function],
                          "setSubmitting": [Function],
                          "setTouched": [Function],
                          "setValues": [Function],
                          "status": undefined,
                          "submitCount": 0,
                          "submitForm": [Function],
                          "touched": Object {},
                          "unregisterField": [Function],
                          "validateField": [Function],
                          "validateForm": [Function],
                          "validateOnBlur": true,
                          "validateOnChange": true,
                          "validateOnMount": false,
                          "values": Object {
                            "artist": "",
                            "mood": "",
                            "password": "",
                            "title": "",
                          },
                        }
                      }
                      name="artist"
                    />
                  </FormikConnect(ErrorMessageImpl)>
                </div>
              </RatingsFormItem>
              <RatingsFormItem
                currentValue=""
                fieldName="mood"
                fieldTitle="Mood"
                fieldType="text"
              >
                <div
                  className="formItem highlighted"
                  key="mood"
                >
                  Mood
                  <br />
                  <Field
                    autoComplete="off"
                    name="mood"
                    type="text"
                  >
                    <input
                      autoComplete="off"
                      name="mood"
                      onBlur={[Function]}
                      onChange={[Function]}
                      type="text"
                      value=""
                    />
                  </Field>
                  <FormikConnect(ErrorMessageImpl)
                    component={[Function]}
                    name="mood"
                  >
                    <ErrorMessageImpl
                      component={[Function]}
                      formik={
                        Object {
                          "dirty": false,
                          "errors": Object {},
                          "getFieldHelpers": [Function],
                          "getFieldMeta": [Function],
                          "getFieldProps": [Function],
                          "handleBlur": [Function],
                          "handleChange": [Function],
                          "handleReset": [Function],
                          "handleSubmit": [Function],
                          "initialErrors": Object {},
                          "initialStatus": undefined,
                          "initialTouched": Object {},
                          "initialValues": Object {
                            "artist": "",
                            "mood": "",
                            "password": "",
                            "title": "",
                          },
                          "isSubmitting": false,
                          "isValid": true,
                          "isValidating": false,
                          "registerField": [Function],
                          "resetForm": [Function],
                          "setErrors": [Function],
                          "setFieldError": [Function],
                          "setFieldTouched": [Function],
                          "setFieldValue": [Function],
                          "setFormikState": [Function],
                          "setStatus": [Function],
                          "setSubmitting": [Function],
                          "setTouched": [Function],
                          "setValues": [Function],
                          "status": undefined,
                          "submitCount": 0,
                          "submitForm": [Function],
                          "touched": Object {},
                          "unregisterField": [Function],
                          "validateField": [Function],
                          "validateForm": [Function],
                          "validateOnBlur": true,
                          "validateOnChange": true,
                          "validateOnMount": false,
                          "values": Object {
                            "artist": "",
                            "mood": "",
                            "password": "",
                            "title": "",
                          },
                        }
                      }
                      name="mood"
                    />
                  </FormikConnect(ErrorMessageImpl)>
                </div>
              </RatingsFormItem>
              <RatingsFormItem
                currentValue=""
                fieldName="password"
                fieldTitle="Password"
                fieldType="password"
              >
                <div
                  className="formItem highlighted"
                  key="password"
                >
                  Password
                  <br />
                  <Field
                    autoComplete="current-password"
                    name="password"
                    type="password"
                  >
                    <input
                      autoComplete="current-password"
                      name="password"
                      onBlur={[Function]}
                      onChange={[Function]}
                      type="password"
                      value=""
                    />
                  </Field>
                  <FormikConnect(ErrorMessageImpl)
                    component={[Function]}
                    name="password"
                  >
                    <ErrorMessageImpl
                      component={[Function]}
                      formik={
                        Object {
                          "dirty": false,
                          "errors": Object {},
                          "getFieldHelpers": [Function],
                          "getFieldMeta": [Function],
                          "getFieldProps": [Function],
                          "handleBlur": [Function],
                          "handleChange": [Function],
                          "handleReset": [Function],
                          "handleSubmit": [Function],
                          "initialErrors": Object {},
                          "initialStatus": undefined,
                          "initialTouched": Object {},
                          "initialValues": Object {
                            "artist": "",
                            "mood": "",
                            "password": "",
                            "title": "",
                          },
                          "isSubmitting": false,
                          "isValid": true,
                          "isValidating": false,
                          "registerField": [Function],
                          "resetForm": [Function],
                          "setErrors": [Function],
                          "setFieldError": [Function],
                          "setFieldTouched": [Function],
                          "setFieldValue": [Function],
                          "setFormikState": [Function],
                          "setStatus": [Function],
                          "setSubmitting": [Function],
                          "setTouched": [Function],
                          "setValues": [Function],
                          "status": undefined,
                          "submitCount": 0,
                          "submitForm": [Function],
                          "touched": Object {},
                          "unregisterField": [Function],
                          "validateField": [Function],
                          "validateForm": [Function],
                          "validateOnBlur": true,
                          "validateOnChange": true,
                          "validateOnMount": false,
                          "values": Object {
                            "artist": "",
                            "mood": "",
                            "password": "",
                            "title": "",
                          },
                        }
                      }
                      name="password"
                    />
                  </FormikConnect(ErrorMessageImpl)>
                </div>
              </RatingsFormItem>
              <div
                className="formItem"
              >
                <button
                  disabled={false}
                  type="submit"
                >
                  Submit
                </button>
              </div>
            </form>
          </Form>
        </Formik>
      </VinylCollectionForm>
    </form>
  </Form>
</Formik>
`;
