// Jest Snapshot v1, https://goo.gl/fbAQLP

exports[`renders BooksItem without issue 1`] = `
<div
  className="container"
>
  <img
    alt="The Humans - Matt Haig"
    className="thumbnail"
    src="http://books.google.com/books/content?id=4mZ1XoSpR9UC&printsec=frontcover&img=1&zoom=1&source=gbs_api"
  />
</div>
`;
