// Jest Snapshot v1, https://goo.gl/fbAQLP

exports[`renders MovieRatingsItem correctly 1`] = `
<div
  className="MovieRatingsItem"
>
  <p
    className="album-ratings-item-content"
  >
    <br />
    <span
      className="album-ratings-item-key"
    >
      Title - 
    </span>
    <span
      className="album-ratings-item-value"
    >
      300
    </span>
    <br />
    <span
      className="album-ratings-item-key"
    >
      Blind - 
    </span>
    <span
      className="album-ratings-item-value"
    >
      86
    </span>
    <br />
    <span
      className="album-ratings-item-key"
    >
      Characters - 
    </span>
    <span
      className="album-ratings-item-value"
    >
      81
    </span>
    <br />
    <span
      className="album-ratings-item-key"
    >
      Craftsmanship - 
    </span>
    <span
      className="album-ratings-item-value"
    >
      83
    </span>
    <br />
    <span
      className="album-ratings-item-key"
    >
      Sound - 
    </span>
    <span
      className="album-ratings-item-value"
    >
      81
    </span>
    <br />
    <span
      className="album-ratings-item-key"
    >
      Story - 
    </span>
    <span
      className="album-ratings-item-value"
    >
      89
    </span>
    <br />
    <span
      className="album-ratings-item-key"
    >
      Gist - 
    </span>
    <span
      className="album-ratings-item-value"
    >
      300 Spartans dunk on a Persian weirdo
    </span>
    <br />
    <span
      className="album-ratings-item-key"
    >
      Date - 
    </span>
    <span
      className="album-ratings-item-value"
    >
      07-04-2021
    </span>
  </p>
</div>
`;
