// Jest Snapshot v1, https://goo.gl/fbAQLP

exports[`renders MovieRatingsItem without issue 1`] = `
<div
  className="container"
>
  <div
    className="thumbnailContainer"
  >
    <img
      alt="Captain Phillips"
      className="thumbnail"
      src="https://m.media-amazon.com/images/M/MV5BODhiZWRhMjctNDUyMS00NmUwLTgwYmItMjJhOWNkZWQ3ZTQxXkEyXkFqcGdeQXVyMTMxODk2OTU@._V1_SX300.jpg"
    />
  </div>
  <div
    className="chart"
  >
    <RatingsGraph
      data={
        Array [
          89,
          79,
          82,
          86,
          87,
        ]
      }
      labels={
        Array [
          "Overall: 89",
          "Sound: 79",
          "Craftsmanship: 82",
          "Characters: 86",
          "Story: 87",
        ]
      }
    />
  </div>
</div>
`;
