// Jest Snapshot v1, https://goo.gl/fbAQLP

exports[`renders ListensItemFull without issue 1`] = `
<div
  className="listensItem"
>
  <a
    href="https://www.last.fm/music/Kendrick+Lamar/DAMN."
  >
    <div
      className="listensItemImage"
    >
      <img
        alt="DAMN"
        src="https://lastfm.freetls.fastly.net/i/u/300x300/243a7444e2d59ff9b38e123f7267e3be.jpg"
      />
    </div>
    <span
      className="highlighted"
    >
      Artist:
    </span>
    <span>
      Kendrick Lamar
    </span>
    <br />
    <span
      className="highlighted"
    >
      AlbumName:
    </span>
    <span>
      DAMN
    </span>
    <br />
    <span
      className="highlighted"
    >
      Playcount:
    </span>
    <span>
      123
    </span>
    <br />
  </a>
</div>
`;
