// Jest Snapshot v1, https://goo.gl/fbAQLP

exports[`renders AlbumItem correctly 1`] = `
<div
  className="AlbumItem"
>
  <div
    className="album-item-thumbnail"
  >
    <a
      href="test-albumLink"
    >
      <img
        alt="test-artist - test-albumName"
        className="album-item-image"
        src="test-thumbnail"
      />
    </a>
  </div>
  <div
    className="album-information"
  >
    <p
      className="album-information-content"
    >
      <span
        className="album-information-key"
      >
        Artist - 
      </span>
      <span
        className="album-information-value"
      >
        test-artist
      </span>
      <br />
      <span
        className="album-information-key"
      >
        Album - 
      </span>
      <span
        className="album-information-value"
      >
        test-albumName
      </span>
      <br />
      <span
        className="album-information-key"
      >
        Plays - 
      </span>
      <span
        className="album-information-value"
      >
        test-playcount
      </span>
    </p>
  </div>
</div>
`;
