// Jest Snapshot v1, https://goo.gl/fbAQLP

exports[`renders AlbumItem correctly 1`] = `
<div
  className="AlbumItem"
>
  <div
    className="album-item-thumbnail"
  >
    <a
      href="test-albumLink"
    >
      <img
        className="album-item-image"
        src="test-thumbnail"
      />
    </a>
  </div>
  <div
    className="album-item-title"
  >
    <a
      href="test-albumLink"
    >
      test-artist
       - 
      test-albumName
    </a>
  </div>
</div>
`;
