// Jest Snapshot v1, https://goo.gl/fbAQLP

exports[`renders router only when rendered 1`] = `
<div
  id="root-container"
>
  <BrowserRouter>
    <withRouter(Header) />
    <div
      className="page-body"
    >
      <Switch>
        <Route
          exact={true}
          path="/"
        >
          <Home />
        </Route>
        <Route
          path="/about"
        >
          <About />
        </Route>
        <Route
          path="/portfolio"
        >
          <Portfolio />
        </Route>
      </Switch>
    </div>
    <Footer />
  </BrowserRouter>
</div>
`;
