// Jest Snapshot v1, https://goo.gl/fbAQLP

exports[`renders router only when rendered 1`] = `
<div
  className="Header"
>
  <div
    className="links-container"
  >
    <div
      className="links"
    >
      <div
        className="links-inner-container"
      >
        <Link
          className="header-link hover hover-3"
          to="/"
        >
          Home
        </Link>
        <Link
          className="header-link hover hover-3"
          to="/about"
        >
          About
        </Link>
      </div>
    </div>
  </div>
</div>
`;
