// Jest Snapshot v1, https://goo.gl/fbAQLP

exports[`renders MovieItem correctly 1`] = `
<div
  className="MovieItem"
>
  <div
    className="movie-item-thumbnail"
  >
    <img
      alt="test-movieName"
      className="movie-item-image"
      src="test-movieThumbnail"
    />
  </div>
  <div
    className="movie-information"
  >
    <p
      className="movie-information-content"
    >
      <span
        className="movie-information-key"
      >
        Title - 
      </span>
      <span
        className="movie-information-value"
      >
        test-movieName
      </span>
      <br />
      <span
        className="movie-information-key"
      >
        Runtime - 
      </span>
      <span
        className="movie-information-value"
      >
        test-movieRuntime
      </span>
      <br />
      <span
        className="movie-information-key"
      >
        Release Date - 
      </span>
      <span
        className="movie-information-value"
      >
        test-movieReleaseDate
      </span>
      <br />
    </p>
  </div>
</div>
`;
